../Core/Src/API_STM32F103_SERVOMOTOR_MG90D.c:483:10:Get_APB1_CLK	8	static
../Core/Src/API_STM32F103_SERVOMOTOR_MG90D.c:502:19:HAL_TIM_PWM_ConfigChannel_NoStop	20	static
../Core/Src/API_STM32F103_SERVOMOTOR_MG90D.c:469:6:SetPWM	16	static
../Core/Src/API_STM32F103_SERVOMOTOR_MG90D.c:335:6:SetPosition	16	static
../Core/Src/API_STM32F103_SERVOMOTOR_MG90D.c:355:6:SetSmoothPosition	24	static
../Core/Src/API_STM32F103_SERVOMOTOR_MG90D.c:399:6:AddSmoothAngle	8	static
../Core/Src/API_STM32F103_SERVOMOTOR_MG90D.c:390:6:AddAngle	8	static
../Core/Src/API_STM32F103_SERVOMOTOR_MG90D.c:408:6:SetZero	0	static
../Core/Src/API_STM32F103_SERVOMOTOR_MG90D.c:145:19:ConfigPWM	80	static
../Core/Src/API_STM32F103_SERVOMOTOR_MG90D.c:65:19:SetupServo	40	static
../Core/Src/API_STM32F103_SERVOMOTOR_MG90D.c:227:6:ZeroCalibration	32	static
../Core/Src/API_STM32F103_SERVOMOTOR_MG90D.c:417:6:Set90_Right	0	static
../Core/Src/API_STM32F103_SERVOMOTOR_MG90D.c:426:6:Set90_Left	0	static
../Core/Src/API_STM32F103_SERVOMOTOR_MG90D.c:435:6:Jogging	32	static
