../Core/Src/API_STM32F103_SERVOMOTOR_MG90D.c:65:19:SetupServo	48	static
../Core/Src/API_STM32F103_SERVOMOTOR_MG90D.c:145:19:ConfigPWM	80	static
../Core/Src/API_STM32F103_SERVOMOTOR_MG90D.c:227:6:ZeroCalibration	24	static
../Core/Src/API_STM32F103_SERVOMOTOR_MG90D.c:335:6:SetPosition	32	static
../Core/Src/API_STM32F103_SERVOMOTOR_MG90D.c:355:6:SetSmoothPosition	24	static
../Core/Src/API_STM32F103_SERVOMOTOR_MG90D.c:390:6:AddAngle	16	static
../Core/Src/API_STM32F103_SERVOMOTOR_MG90D.c:399:6:AddSmoothAngle	16	static
../Core/Src/API_STM32F103_SERVOMOTOR_MG90D.c:408:6:SetZero	8	static
../Core/Src/API_STM32F103_SERVOMOTOR_MG90D.c:417:6:Set90_Right	8	static
../Core/Src/API_STM32F103_SERVOMOTOR_MG90D.c:426:6:Set90_Left	8	static
../Core/Src/API_STM32F103_SERVOMOTOR_MG90D.c:435:6:Jogging	16	static
../Core/Src/API_STM32F103_SERVOMOTOR_MG90D.c:469:6:SetPWM	16	static
../Core/Src/API_STM32F103_SERVOMOTOR_MG90D.c:483:10:Get_APB1_CLK	16	static
../Core/Src/API_STM32F103_SERVOMOTOR_MG90D.c:502:19:HAL_TIM_PWM_ConfigChannel_NoStop	32	static
../Core/Src/API_STM32F103_SERVOMOTOR_MG90D.c:603:13:TIM_OC1_SetConfig_NoStop	32	static
../Core/Src/API_STM32F103_SERVOMOTOR_MG90D.c:678:6:TIM_OC2_SetConfig_NoStop	32	static
../Core/Src/API_STM32F103_SERVOMOTOR_MG90D.c:754:13:TIM_OC3_SetConfig_NoStop	32	static
../Core/Src/API_STM32F103_SERVOMOTOR_MG90D.c:828:13:TIM_OC4_SetConfig_NoStop	32	static
