../Core/Src/main.c:98:5:main	32	static
../Core/Src/main.c:242:6:SystemClock_Config	72	static
../Core/Src/main.c:281:13:MX_I2C2_Init	8	static
../Core/Src/main.c:315:13:MX_TIM2_Init	48	static
../Core/Src/main.c:364:13:MX_USART1_UART_Init	8	static
../Core/Src/main.c:397:13:MX_USART2_UART_Init	8	static
../Core/Src/main.c:430:13:MX_GPIO_Init	48	static
../Core/Src/main.c:482:6:GetBeaconBTData	32	static
../Core/Src/main.c:499:6:GetCompassData	8	static
../Core/Src/main.c:505:6:HAL_UART_RxCpltCallback	24	static
../Core/Src/main.c:533:6:Error_Handler	4	static,ignoring_inline_asm
